MPLINK 4.49, Linker
Linker Map File - Created Tue Dec 21 00:22:58 2021

                                 Section Info
                  Section       Type    Address   Location Size(Bytes)
                ---------  ---------  ---------  ---------  ---------
                   .org_0       code   0x000000    program   0x00002c
                   .cinit    romdata   0x000016    program   0x000004



                              Program Memory Usage 
                               Start         End      
                           ---------   ---------      
                            0x000000    0x000017      
            24 out of 2311 program addresses used, program memory utilization is 1%



                              Symbols - Sorted by Name
                     Name    Address   Location    Storage File                     
                ---------  ---------  ---------  --------- ---------                
                 carry_on   0x000011    program     static C:\Users\d4050\Documents\program\digital system\register_addressing\Program_Rom.asm
                    loop1   0x000004    program     static C:\Users\d4050\Documents\program\digital system\register_addressing\Program_Rom.asm
                    loop2   0x000006    program     static C:\Users\d4050\Documents\program\digital system\register_addressing\Program_Rom.asm
                    start   0x000000    program     static C:\Users\d4050\Documents\program\digital system\register_addressing\Program_Rom.asm



                              Symbols - Sorted by Address
                     Name    Address   Location    Storage File                     
                ---------  ---------  ---------  --------- ---------                
                    start   0x000000    program     static C:\Users\d4050\Documents\program\digital system\register_addressing\Program_Rom.asm
                    loop1   0x000004    program     static C:\Users\d4050\Documents\program\digital system\register_addressing\Program_Rom.asm
                    loop2   0x000006    program     static C:\Users\d4050\Documents\program\digital system\register_addressing\Program_Rom.asm
                 carry_on   0x000011    program     static C:\Users\d4050\Documents\program\digital system\register_addressing\Program_Rom.asm


